// Jest Snapshot v1, https://goo.gl/fbAQLP

exports[`Button matches snapshot 1`] = `
<div>
  <button
    aria-label="Test Aria Label"
    class="rounded-full py-2 px-4 bg-blue-600 items-center text-white shadow-sm transition-colors duration-300"
  >
    Test Text
  </button>
</div>
`;
