// Jest Snapshot v1, https://goo.gl/fbAQLP

exports[`Footer Rendering matches snapshot 1`] = `
<div>
  <div
    class="py-2 px-4 sm:py-4 sm:px-8 flex"
  >
    <div
      class="container mx-auto items-center space-y-4 text-center"
    >
      <a
        href="/about-us"
      >
        <h3
          class="text-base sm:text-md font-bold mb-4"
        >
          About Us
        </h3>
      </a>
      <a
        href="/contact=us"
      >
        <h3
          class="text-base sm:text-md font-bold"
        >
          Contact Us
        </h3>
      </a>
      <p
        class="text-sm text-center"
      >
        Â© 
        2024
         Nexus Clothing. All rights reserved.
      </p>
    </div>
  </div>
</div>
`;
