// Jest Snapshot v1, https://goo.gl/fbAQLP

exports[`Testimonial Component matches snapshot 1`] = `
<div>
  <div
    class="card w-full max-w-4xl mx-auto p-4 sm:p-6 lg:p-8 light-theme shadow-lg"
  >
    <div
      class="flex flex-col sm:flex-row items-center sm:items-start gap-6"
    >
      <div
        class="relative w-20 h-20 sm:w-24 sm:h-24 lg:w-28 lg:h-28 flex-shrink-0 rounded-full"
      >
        <img
          alt="John Doe's testimonial"
          class="rounded-full object-cover "
          sizes="(max-width: 640px) 80px, (max-width: 1024px) 96px, 112px"
          src="[object Object]"
        />
      </div>
      <div
        class="flex flex-col text-center sm:text-left"
      >
        <h3
          class="text-lg font-bold mt-2"
        >
          John Doe
        </h3>
        <p
          class="leading-relaxed mt-2"
        >
          This is a test testimonial message
        </p>
      </div>
    </div>
  </div>
</div>
`;
