// Jest Snapshot v1, https://goo.gl/fbAQLP

exports[`BrandHighlight matches snapshot 1`] = `
<div>
  <div
    class="flex flex-col items-center w-60"
  >
    <svg
      class="w-12 h-12 text-blue-500"
      fill="none"
      height="1em"
      stroke="currentColor"
      stroke-linecap="round"
      stroke-linejoin="round"
      stroke-width="2"
      viewBox="0 0 24 24"
      width="1em"
      xmlns="http://www.w3.org/2000/svg"
    >
      <polygon
        points="12 2 15.09 8.26 22 9.27 17 14.14 18.18 21.02 12 17.77 5.82 21.02 7 14.14 2 9.27 8.91 8.26 12 2"
      />
    </svg>
    <h3
      class="text-lg sm:text-lg lg:text-xl font-bold mt-2"
    >
      Test Title
    </h3>
    <p
      class="leading-relaxed mt-2"
    >
      Test Subtext
    </p>
  </div>
</div>
`;
